// Jest Snapshot v1, https://goo.gl/fbAQLP

exports[`Header renders header component and styles 1`] = `
<header
  className="sc-fMiknA fOtoJO"
>
  <div
    className="sc-bdVaJa jJjJOT"
  >
    <span
      className="sc-bwzfXH dTlhFj"
    >
      Movie
    </span>
    <i
      className="fa fa-anchor sc-htpNat eorCwZ fa-lg"
    />
    <span
      className="sc-bwzfXH dTlhFj"
    >
      Night
    </span>
  </div>
  <div
    className="sc-dVhcbM khZBWk"
  >
    <div
      className="sc-hzDkRC hzpPlX"
    >
      <i
        className="fa fa-search sc-jhAzac ipKjHA fa-lg"
      />
      <input
        className="form-control input"
        onChange={[Function]}
        placeholder="Title, genre, actor"
        type="text"
        value=""
      />
    </div>
    <div
      className="sc-bZQynM eLUDuq"
      onClick={[Function]}
    >
      <i
        className="fa fa-database"
      />
    </div>
  </div>
</header>
`;
